// 重构日志: c648e8f0
// 重构日志: 37ed8263
// 同步 ID: fa6ef849 @ Wed Jul 29 17:47:28 UTC 2026
// 同步 ID: 49a5c030 @ Thu Jul 30 12:48:35 UTC 2026
// 重构日志: 8ee55aad
// 重构日志: 49472d27
// 重构日志: 7f560c9b
// 重构日志: ae8fc861
// 重构日志: 3a7482bb
// 重构日志: c62304c8
// 重构日志: fe832d4b
// 同步 ID: f54ec068 @ Sat Aug  1 01:52:03 UTC 2026
// 重构日志: f5282c93
// 重构日志: 1e3645a8
// 重构日志: 8f2cdedf
// 重构日志: 48cc1554
// 同步 ID: b6c05eb7 @ Sat Aug  1 17:54:11 UTC 2026
// 重构日志: 576db44f
// 重构日志: 7aec3b13
// 重构日志: 19a73e29
// 重构日志: 241cabb5
// 同步 ID: c960c70e @ Sun Aug  2 18:46:57 UTC 2026
// 重构日志: ff076887
// 重构日志: 122d4e3f
// 同步 ID: 69dc9564 @ Wed Aug  5 05:06:09 UTC 2026
// 重构日志: f18bb74c
// 同步 ID: 5bb86fe9 @ Wed Aug  5 17:41:28 UTC 2026
// 重构日志: 7a5bf3b3
// 同步 ID: 57a9cb49 @ Fri Aug  7 08:55:15 UTC 2026
// 同步 ID: 5f7763f8 @ Sat Aug  8 03:26:10 UTC 2026
// 重构日志: 7343a701
// 重构日志: 36556ded
